xOffset 0
yOffset 0
=== END HEADER DATA ===
                                
                                
                                
 ########        ###############
 #      #        #             #
 #      #        #             #
 #      #        #             #
 ###### #   ######             #
      # #   #                  #
      # ##### ####             #
      #       #  #             #
      # ##### #  #             #
      # #   # #  #             #
      # #   # #  #             #
      # # ### #  ######    #####
      # # #   #  #             #
      # # #   #  #             #
      # ###   #  #             #
      #       #  #             #
      #####   #  #             #
          #   #  #             #
          #   #  #             #
          #####  #             #
                 #             #
                 #             #
                 #             #
                 #             #
                 #             #
                 #             #
                 #             #
                 #             #
                 ###############
